# Bake Begins!
### (1 of 6) Copy sources
$ cp -a /home/travis/build/fontdirectory/lifesavers/METADATA.json /home/travis/build/fontdirectory/lifesavers/builds/build
$ cp -a /home/travis/build/fontdirectory/lifesavers/DESCRIPTION.en_us.html /home/travis/build/fontdirectory/lifesavers/builds/build
$ cp -a /home/travis/build/fontdirectory/lifesavers/FONTLOG.txt /home/travis/build/fontdirectory/lifesavers/builds/build
$ cp -a LifeSavers-ExtraBold.ttf.ttx LifeSavers-Bold.ttf.ttx LifeSavers-Regular.ttf.ttx src/LifeSavers-ExtraBold.otf.ttx src/LifeSavers-Regular.otf.ttx src/LifeSavers-Bold.otf.ttx LifeSavers-ExtraBold.ttf._p_o_s_t.ttx LifeSavers-ExtraBold.ttf._h_e_a_d.ttx LifeSavers-ExtraBold.ttf._n_a_m_e.ttx LifeSavers-ExtraBold.ttf.G_S_U_B_.ttx LifeSavers-ExtraBold.ttf._h_m_t_x.ttx LifeSavers-ExtraBold.ttf._g_a_s_p.ttx LifeSavers-ExtraBold.ttf._l_o_c_a.ttx LifeSavers-ExtraBold.ttf._g_l_y_f.ttx LifeSavers-ExtraBold.ttf._h_h_e_a.ttx LifeSavers-ExtraBold.ttf.G_P_O_S_.ttx LifeSavers-ExtraBold.ttf.GlyphOrder.ttx LifeSavers-ExtraBold.ttf.O_S_2f_2.ttx LifeSavers-ExtraBold.ttf._m_a_x_p.ttx LifeSavers-ExtraBold.ttf._c_m_a_p.ttx LifeSavers-ExtraBold.ttf._f_p_g_m.ttx LifeSavers-ExtraBold.ttf._p_r_e_p.ttx LifeSavers-ExtraBold.ttf._c_v_t.ttx LifeSavers-Bold.ttf.G_P_O_S_.ttx LifeSavers-Bold.ttf._c_m_a_p.ttx LifeSavers-Bold.ttf.O_S_2f_2.ttx LifeSavers-Bold.ttf._c_v_t.ttx LifeSavers-Bold.ttf._l_o_c_a.ttx LifeSavers-Bold.ttf._g_l_y_f.ttx LifeSavers-Bold.ttf._g_a_s_p.ttx LifeSavers-Bold.ttf._m_a_x_p.ttx LifeSavers-Bold.ttf.G_S_U_B_.ttx LifeSavers-Bold.ttf._p_r_e_p.ttx LifeSavers-Bold.ttf._h_h_e_a.ttx LifeSavers-Bold.ttf._p_o_s_t.ttx LifeSavers-Bold.ttf._f_p_g_m.ttx LifeSavers-Bold.ttf.GlyphOrder.ttx LifeSavers-Bold.ttf._n_a_m_e.ttx LifeSavers-Bold.ttf._h_e_a_d.ttx LifeSavers-Bold.ttf._h_m_t_x.ttx LifeSavers-Regular.ttf._p_o_s_t.ttx LifeSavers-Regular.ttf._h_h_e_a.ttx LifeSavers-Regular.ttf._p_r_e_p.ttx LifeSavers-Regular.ttf._c_v_t.ttx LifeSavers-Regular.ttf._c_m_a_p.ttx LifeSavers-Regular.ttf._m_a_x_p.ttx LifeSavers-Regular.ttf.O_S_2f_2.ttx LifeSavers-Regular.ttf._h_e_a_d.ttx LifeSavers-Regular.ttf.G_S_U_B_.ttx LifeSavers-Regular.ttf._n_a_m_e.ttx LifeSavers-Regular.ttf._h_m_t_x.ttx LifeSavers-Regular.ttf._l_o_c_a.ttx LifeSavers-Regular.ttf.GlyphOrder.ttx LifeSavers-Regular.ttf.G_P_O_S_.ttx LifeSavers-Regular.ttf._f_p_g_m.ttx LifeSavers-Regular.ttf._g_a_s_p.ttx LifeSavers-Regular.ttf._g_l_y_f.ttx src/LifeSavers-ExtraBold.otf._m_a_x_p.ttx src/LifeSavers-ExtraBold.otf.O_S_2f_2.ttx src/LifeSavers-ExtraBold.otf.G_S_U_B_.ttx src/LifeSavers-ExtraBold.otf._h_m_t_x.ttx src/LifeSavers-ExtraBold.otf._h_h_e_a.ttx src/LifeSavers-ExtraBold.otf._p_o_s_t.ttx src/LifeSavers-ExtraBold.otf._c_m_a_p.ttx src/LifeSavers-ExtraBold.otf._h_e_a_d.ttx src/LifeSavers-ExtraBold.otf.C_F_F_.ttx src/LifeSavers-ExtraBold.otf._n_a_m_e.ttx src/LifeSavers-ExtraBold.otf.GlyphOrder.ttx src/LifeSavers-ExtraBold.otf.G_P_O_S_.ttx src/LifeSavers-Regular.otf.GlyphOrder.ttx src/LifeSavers-Regular.otf._h_m_t_x.ttx src/LifeSavers-Regular.otf.G_P_O_S_.ttx src/LifeSavers-Regular.otf._h_h_e_a.ttx src/LifeSavers-Regular.otf._m_a_x_p.ttx src/LifeSavers-Regular.otf._c_m_a_p.ttx src/LifeSavers-Regular.otf._n_a_m_e.ttx src/LifeSavers-Regular.otf._p_o_s_t.ttx src/LifeSavers-Regular.otf._h_e_a_d.ttx src/LifeSavers-Regular.otf.C_F_F_.ttx src/LifeSavers-Regular.otf.G_S_U_B_.ttx src/LifeSavers-Regular.otf.O_S_2f_2.ttx src/LifeSavers-Bold.otf.O_S_2f_2.ttx src/LifeSavers-Bold.otf._n_a_m_e.ttx src/LifeSavers-Bold.otf._h_e_a_d.ttx src/LifeSavers-Bold.otf.GlyphOrder.ttx src/LifeSavers-Bold.otf.G_P_O_S_.ttx src/LifeSavers-Bold.otf._p_o_s_t.ttx src/LifeSavers-Bold.otf.C_F_F_.ttx src/LifeSavers-Bold.otf.G_S_U_B_.ttx src/LifeSavers-Bold.otf._h_h_e_a.ttx src/LifeSavers-Bold.otf._m_a_x_p.ttx src/LifeSavers-Bold.otf._c_m_a_p.ttx src/LifeSavers-Bold.otf._h_m_t_x.ttx /home/travis/build/fontdirectory/lifesavers/builds/build/sources
### (2 of 6) pyfontaine
### (3 of 6) Run upstream tests
$ fontbakery-check.py upstream-repo sources
$ fontaine --collections subsets --text /home/travis/build/fontdirectory/lifesavers/builds/build/sources/LifeSavers-ExtraBold.otf.ttx /home/travis/build/fontdirectory/lifesavers/builds/build/sources/LifeSavers-Regular.otf.ttx /home/travis/build/fontdirectory/lifesavers/builds/build/sources/LifeSavers-ExtraBold.ttf.ttx /home/travis/build/fontdirectory/lifesavers/builds/build/sources/LifeSavers-Bold.ttf.ttx /home/travis/build/fontdirectory/lifesavers/builds/build/sources/LifeSavers-Regular.ttf.ttx /home/travis/build/fontdirectory/lifesavers/builds/build/sources/LifeSavers-Bold.otf.ttx > fontaine.txt
bakery_lint.tests.upstream.test_diacritic.TestDiacritic.test_diacritic_made_as_component(): OK
bakery_lint.tests.upstream.test_diacritic.TestDiacritic.test_diacritic_made_as_mark_to_mark(): OK
WARNING: Please install [PyICU](https://pypi.python.org/pypi/PyICU) toenable [feature], perhaps with: pip install pyicu
bakery_lint.tests.upstream.test_diacritic.TestDiacritic.test_diacritic_made_as_own_glyphs(): OK
end of pyfontaine process
bakery_lint.tests.upstream.test_prepolation.FontTestPrepolation.test_font_prepolation_glyph_contours(): OK
bakery_lint.tests.upstream.test_prepolation.FontTestPrepolation.test_font_prepolation_glyph_points(): OK
bakery_lint.tests.upstream.test_prepolation.FontTestPrepolation.test_font_test_prepolation_glyph_names(): OK
bakery_lint.tests.upstream.test_check_upstream_sources.ProjectUpstreamTestCase.test_bakery_yaml_exists(): OK
bakery_lint.tests.upstream.test_check_upstream_sources.ProjectUpstreamTestCase.test_copyright_notices_same_across_family(): OK
bakery_lint.tests.upstream.test_check_upstream_sources.ProjectUpstreamTestCase.test_description_html_exists(): OK
bakery_lint.tests.upstream.test_check_upstream_sources.ProjectUpstreamTestCase.test_fontlog_txt_exists(): OK
bakery_lint.tests.upstream.test_check_upstream_sources.ProjectUpstreamTestCase.test_metadata_json_exists(): OK
$ fontbakery-check.py upstream-ttx LifeSavers-ExtraBold.otf.ttx
bakery_lint.tests.upstream.test_glyphname_does_not_contain_disallowed_chars.TestGlyphNameDoesNotContainsDisallowedChars.test_glyphname_does_not_contain_disallowed_chars(): OK
bakery_lint.tests.upstream.test_font_filename_eq_familystyle.TestTTFSourceFontFileNameEqualsFamilyStyle.test_source_ttf_font_filename_equals_familystyle(): FAIL
$ mv /home/travis/build/fontdirectory/lifesavers/builds/build/sources/LifeSavers-ExtraBold.otf.ttx /home/travis/build/fontdirectory/lifesavers/builds/build/sources/LifeSavers-ExtraBold.ttx
bakery_lint.tests.upstream.test_font_filename_eq_familystyle.TestTTFSourceFontFileNameEqualsFamilyStyle.test_source_ttf_font_filename_equals_familystyle(): OK
bakery_lint.tests.upstream.test_check_ttx_requirements.SourceTTXTest.test_epar_in_keys(): FAIL
bakery_lint.tests.upstream.test_check_ttx_requirements.SourceTTXTest.test_os2_in_keys(): OK
bakery_lint.tests.upstream.test_check_ttx_requirements.SourceTTXTest.test_ttx_doesnt_contain_duplicate_glyphs(): OK
bakery_lint.tests.upstream.test_check_ttx_fontfamily_recommendations.TTX_FontFamilyNamingTest.test_ttx_family_naming_recommendation(): OK
$ fontbakery-check.py upstream-ttx LifeSavers-Regular.otf.ttx
bakery_lint.tests.upstream.test_glyphname_does_not_contain_disallowed_chars.TestGlyphNameDoesNotContainsDisallowedChars.test_glyphname_does_not_contain_disallowed_chars(): OK
bakery_lint.tests.upstream.test_font_filename_eq_familystyle.TestTTFSourceFontFileNameEqualsFamilyStyle.test_source_ttf_font_filename_equals_familystyle(): FAIL
$ mv /home/travis/build/fontdirectory/lifesavers/builds/build/sources/LifeSavers-Regular.otf.ttx /home/travis/build/fontdirectory/lifesavers/builds/build/sources/LifeSavers-Regular.ttx
bakery_lint.tests.upstream.test_font_filename_eq_familystyle.TestTTFSourceFontFileNameEqualsFamilyStyle.test_source_ttf_font_filename_equals_familystyle(): OK
bakery_lint.tests.upstream.test_check_ttx_requirements.SourceTTXTest.test_epar_in_keys(): FAIL
bakery_lint.tests.upstream.test_check_ttx_requirements.SourceTTXTest.test_os2_in_keys(): OK
bakery_lint.tests.upstream.test_check_ttx_requirements.SourceTTXTest.test_ttx_doesnt_contain_duplicate_glyphs(): OK
bakery_lint.tests.upstream.test_check_ttx_fontfamily_recommendations.TTX_FontFamilyNamingTest.test_ttx_family_naming_recommendation(): OK
$ fontbakery-check.py upstream-ttx LifeSavers-ExtraBold.ttf.ttx
bakery_lint.tests.upstream.test_glyphname_does_not_contain_disallowed_chars.TestGlyphNameDoesNotContainsDisallowedChars.test_glyphname_does_not_contain_disallowed_chars(): OK
bakery_lint.tests.upstream.test_font_filename_eq_familystyle.TestTTFSourceFontFileNameEqualsFamilyStyle.test_source_ttf_font_filename_equals_familystyle(): FAIL
$ mv /home/travis/build/fontdirectory/lifesavers/builds/build/sources/LifeSavers-ExtraBold.ttf.ttx /home/travis/build/fontdirectory/lifesavers/builds/build/sources/LifeSavers-ExtraBold.ttx
bakery_lint.tests.upstream.test_font_filename_eq_familystyle.TestTTFSourceFontFileNameEqualsFamilyStyle.test_source_ttf_font_filename_equals_familystyle(): OK
bakery_lint.tests.upstream.test_check_ttx_requirements.SourceTTXTest.test_epar_in_keys(): FAIL
bakery_lint.tests.upstream.test_check_ttx_requirements.SourceTTXTest.test_os2_in_keys(): OK
bakery_lint.tests.upstream.test_check_ttx_requirements.SourceTTXTest.test_ttx_doesnt_contain_duplicate_glyphs(): OK
bakery_lint.tests.upstream.test_check_ttx_fontfamily_recommendations.TTX_FontFamilyNamingTest.test_ttx_family_naming_recommendation(): OK
$ fontbakery-check.py upstream-ttx LifeSavers-Bold.ttf.ttx
bakery_lint.tests.upstream.test_glyphname_does_not_contain_disallowed_chars.TestGlyphNameDoesNotContainsDisallowedChars.test_glyphname_does_not_contain_disallowed_chars(): FAIL
bakery_lint.tests.upstream.test_font_filename_eq_familystyle.TestTTFSourceFontFileNameEqualsFamilyStyle.test_source_ttf_font_filename_equals_familystyle(): FAIL
$ mv /home/travis/build/fontdirectory/lifesavers/builds/build/sources/LifeSavers-Bold.ttf.ttx /home/travis/build/fontdirectory/lifesavers/builds/build/sources/LifeSavers-Bold.ttx
bakery_lint.tests.upstream.test_font_filename_eq_familystyle.TestTTFSourceFontFileNameEqualsFamilyStyle.test_source_ttf_font_filename_equals_familystyle(): OK
bakery_lint.tests.upstream.test_check_ttx_requirements.SourceTTXTest.test_epar_in_keys(): FAIL
bakery_lint.tests.upstream.test_check_ttx_requirements.SourceTTXTest.test_os2_in_keys(): OK
bakery_lint.tests.upstream.test_check_ttx_requirements.SourceTTXTest.test_ttx_doesnt_contain_duplicate_glyphs(): OK
bakery_lint.tests.upstream.test_check_ttx_fontfamily_recommendations.TTX_FontFamilyNamingTest.test_ttx_family_naming_recommendation(): OK
$ fontbakery-check.py upstream-ttx LifeSavers-Regular.ttf.ttx
bakery_lint.tests.upstream.test_glyphname_does_not_contain_disallowed_chars.TestGlyphNameDoesNotContainsDisallowedChars.test_glyphname_does_not_contain_disallowed_chars(): FAIL
bakery_lint.tests.upstream.test_font_filename_eq_familystyle.TestTTFSourceFontFileNameEqualsFamilyStyle.test_source_ttf_font_filename_equals_familystyle(): FAIL
$ mv /home/travis/build/fontdirectory/lifesavers/builds/build/sources/LifeSavers-Regular.ttf.ttx /home/travis/build/fontdirectory/lifesavers/builds/build/sources/LifeSavers-Regular.ttx
bakery_lint.tests.upstream.test_font_filename_eq_familystyle.TestTTFSourceFontFileNameEqualsFamilyStyle.test_source_ttf_font_filename_equals_familystyle(): OK
bakery_lint.tests.upstream.test_check_ttx_requirements.SourceTTXTest.test_epar_in_keys(): FAIL
bakery_lint.tests.upstream.test_check_ttx_requirements.SourceTTXTest.test_os2_in_keys(): OK
bakery_lint.tests.upstream.test_check_ttx_requirements.SourceTTXTest.test_ttx_doesnt_contain_duplicate_glyphs(): OK
bakery_lint.tests.upstream.test_check_ttx_fontfamily_recommendations.TTX_FontFamilyNamingTest.test_ttx_family_naming_recommendation(): OK
$ fontbakery-check.py upstream-ttx LifeSavers-Bold.otf.ttx
bakery_lint.tests.upstream.test_glyphname_does_not_contain_disallowed_chars.TestGlyphNameDoesNotContainsDisallowedChars.test_glyphname_does_not_contain_disallowed_chars(): OK
bakery_lint.tests.upstream.test_font_filename_eq_familystyle.TestTTFSourceFontFileNameEqualsFamilyStyle.test_source_ttf_font_filename_equals_familystyle(): FAIL
$ mv /home/travis/build/fontdirectory/lifesavers/builds/build/sources/LifeSavers-Bold.otf.ttx /home/travis/build/fontdirectory/lifesavers/builds/build/sources/LifeSavers-Bold.ttx
bakery_lint.tests.upstream.test_font_filename_eq_familystyle.TestTTFSourceFontFileNameEqualsFamilyStyle.test_source_ttf_font_filename_equals_familystyle(): OK
bakery_lint.tests.upstream.test_check_ttx_requirements.SourceTTXTest.test_epar_in_keys(): FAIL
bakery_lint.tests.upstream.test_check_ttx_requirements.SourceTTXTest.test_os2_in_keys(): OK
bakery_lint.tests.upstream.test_check_ttx_requirements.SourceTTXTest.test_ttx_doesnt_contain_duplicate_glyphs(): OK
bakery_lint.tests.upstream.test_check_ttx_fontfamily_recommendations.TTX_FontFamilyNamingTest.test_ttx_family_naming_recommendation(): OK
### (4 of 6) Convert sources to TTF
$ ttx -d /home/travis/build/fontdirectory/lifesavers/builds/build /home/travis/build/fontdirectory/lifesavers/builds/build/sources/LifeSavers-Bold.ttx /home/travis/build/fontdirectory/lifesavers/builds/build/sources/LifeSavers-Regular.ttx /home/travis/build/fontdirectory/lifesavers/builds/build/sources/LifeSavers-ExtraBold.ttx
$ fontbakery-build-font2ttf.py sources/LifeSavers-Bold.otf LifeSavers-Bold.ttf
Warning: Mac and Windows entries in the 'name' table differ for the
 Fullname string in the language English (US)
 Mac String: Life Savers Bold
Windows String: LifeSavers-Bold
Success: Generated OpenType-TTF (/home/travis/build/fontdirectory/lifesavers/builds/build/LifeSavers-Bold.ttf)
Compiling "/home/travis/build/fontdirectory/lifesavers/builds/build/sources/LifeSavers-Bold.ttx" to "/home/travis/build/fontdirectory/lifesavers/builds/build/LifeSavers-Bold.otf"...
Parsing 'GlyphOrder' table...
Parsing 'head' table...
Parsing 'hhea' table...
Parsing 'maxp' table...
Parsing 'OS/2' table...
Parsing 'name' table...
Parsing 'cmap' table...
Parsing 'post' table...
Parsing 'CFF ' table...
Parsing 'GPOS' table...
Parsing 'GSUB' table...
Parsing 'hmtx' table...
Compiling "/home/travis/build/fontdirectory/lifesavers/builds/build/sources/LifeSavers-Regular.ttx" to "/home/travis/build/fontdirectory/lifesavers/builds/build/LifeSavers-Regular.ttf"...
Parsing 'GlyphOrder' table...
Parsing 'head' table...
Parsing 'hhea' table...
Parsing 'maxp' table...
Parsing 'OS/2' table...
Parsing 'hmtx' table...
Parsing 'cmap' table...
Parsing 'fpgm' table...
Parsing 'prep' table...
Parsing 'cvt ' table...
Parsing 'loca' table...
Parsing 'glyf' table...
Parsing 'name' table...
Parsing 'post' table...
Parsing 'gasp' table...
Parsing 'GPOS' table...
Parsing 'GSUB' table...
Compiling "/home/travis/build/fontdirectory/lifesavers/builds/build/sources/LifeSavers-ExtraBold.ttx" to "/home/travis/build/fontdirectory/lifesavers/builds/build/LifeSavers-ExtraBold.ttf"...
Parsing 'GlyphOrder' table...
Parsing 'head' table...
Parsing 'hhea' table...
Parsing 'maxp' table...
Parsing 'OS/2' table...
Parsing 'hmtx' table...
Parsing 'cmap' table...
Parsing 'fpgm' table...
Parsing 'prep' table...
Parsing 'cvt ' table...
Parsing 'loca' table...
Parsing 'glyf' table...
Parsing 'name' table...
Parsing 'post' table...
Parsing 'gasp' table...
Parsing 'GPOS' table...
Parsing 'GSUB' table...
strippedname:/home/travis/build/fontdirectory/lifesavers/builds/build/LifeSavers-Bold.otf
### Test LifeSavers-Bold.ttf
$ fontbakery-check.py result LifeSavers-Bold.ttf
bakery_lint.tests.downstream.test_check_unencoded_glyph.TestFontUnencodedGlyph.test_font_unencoded_glyphs(): FAIL
$ fontbakery-fix-glyph-private-encoding.py --autofix /home/travis/build/fontdirectory/lifesavers/builds/build/LifeSavers-Bold.ttf
$ mv /home/travis/build/fontdirectory/lifesavers/builds/build/LifeSavers-Bold.ttf.fix /home/travis/build/fontdirectory/lifesavers/builds/build/LifeSavers-Bold.ttf
bakery_lint.tests.downstream.test_check_unencoded_glyph.TestFontUnencodedGlyph.test_font_unencoded_glyphs(): FAIL
bakery_lint.tests.downstream.test_check_font_tables.CheckFontHasDsigTable.test_check_font_has_dsig_table(): OK
bakery_lint.tests.downstream.test_check_font_tables.CheckFontHasNotKernTable.test_no_kern_table_exists(): OK
bakery_lint.tests.downstream.test_check_unused_glyph_data.CheckUnusedGlyphData.test_check_unused_glyph_data(): ERROR
bakery_lint.tests.downstream.test_check_glyf_table_length.CheckGlyfTableLength.test_check_glyf_table_length(): FAIL
bakery_lint.tests.downstream.test_check_hmtx_hhea_max_advance_width_agreement.CheckHmtxHheaMaxAdvanceWidthAgreement.test_check_hmtx_hhea_max_advance_width_agreement(): OK
bakery_lint.tests.downstream.test_check_license_included.CheckLicenseIncluded.test_license_included_in_font_names(): OK
bakery_lint.tests.downstream.test_names_are_ascii_only.CheckNamesAreASCIIOnly.test_check_names_are_ascii_only(): OK
bakery_lint.tests.downstream.test_check_name_table_recommendation.CheckStyleNameRecommendation.test_check_stylename_is_under_recommendations(): OK
bakery_lint.tests.downstream.test_check_name_table_recommendation.CheckOTFamilyNameRecommendation.test_check_opentype_familyname(): FAIL
$ fontbakery-fix-opentype-names.py /home/travis/build/fontdirectory/lifesavers/builds/build/LifeSavers-Bold.ttf
$ mv /home/travis/build/fontdirectory/lifesavers/builds/build/LifeSavers-Bold.ttf.fix /home/travis/build/fontdirectory/lifesavers/builds/build/LifeSavers-Bold.ttf
bakery_lint.tests.downstream.test_check_name_table_recommendation.CheckOTFamilyNameRecommendation.test_check_opentype_familyname(): OK
bakery_lint.tests.downstream.test_check_name_table_recommendation.CheckOTStyleNameRecommendation.test_check_opentype_stylename(): OK
bakery_lint.tests.downstream.test_check_name_table_recommendation.CheckOTFullNameRecommendation.test_check_opentype_fullname(): OK
bakery_lint.tests.downstream.test_gasp_table_value.CheckGaspTableType.test_check_gasp_table_type(): FAIL
$ fontbakery-fix-gasp.py --set=15 /home/travis/build/fontdirectory/lifesavers/builds/build/LifeSavers-Bold.ttf
$ mv /home/travis/build/fontdirectory/lifesavers/builds/build/LifeSavers-Bold.ttf.fix /home/travis/build/fontdirectory/lifesavers/builds/build/LifeSavers-Bold.ttf
bakery_lint.tests.downstream.test_gasp_table_value.CheckGaspTableType.test_check_gasp_table_type(): OK
$ fontbakery-fix-gasp.py --set=15 /home/travis/build/fontdirectory/lifesavers/builds/build/LifeSavers-Bold.ttf
$ mv /home/travis/build/fontdirectory/lifesavers/builds/build/LifeSavers-Bold.ttf.fix /home/travis/build/fontdirectory/lifesavers/builds/build/LifeSavers-Bold.ttf
bakery_lint.tests.downstream.test_check_panose_identification.CheckPanoseIdentification.test_check_panose_identification(): OK
bakery_lint.tests.downstream.test_check_magic_prep_code.CheckMagicPREPByteCode.test_prep_magic_code(): FAIL
bakery_lint.tests.downstream.test_check_glyph_existence.CheckGlyphExistence.test_euro(): OK
bakery_lint.tests.downstream.test_check_glyph_existence.CheckGlyphExistence.test_nbsp(): OK
bakery_lint.tests.downstream.test_check_glyph_existence.CheckGlyphExistence.test_space(): OK
bakery_lint.tests.downstream.test_check_nbsp_width_matches_sp_width.CheckNbspWidthMatchesSpWidth.test_check_nbsp_width_matches_sp_width(): OK
The following table(s) in the font have been ignored by FontForge
  Ignoring 'DSIG' digital signature table
bakery_lint.tests.downstream.test_fontforge_validation_state.FontForgeValidateStateTest.test_allowed_numbers_paths_in_composite_glyphs(): OK
bakery_lint.tests.downstream.test_fontforge_validation_state.FontForgeValidateStateTest.test_allowed_numbers_paths_in_glyphs(): OK
bakery_lint.tests.downstream.test_fontforge_validation_state.FontForgeValidateStateTest.test_allowed_numbers_points_in_composite_glyphs(): OK
bakery_lint.tests.downstream.test_fontforge_validation_state.FontForgeValidateStateTest.test_allowed_numbers_points_in_glyphs(): OK
bakery_lint.tests.downstream.test_fontforge_validation_state.FontForgeValidateStateTest.test_duplicate_glyphs(): OK
bakery_lint.tests.downstream.test_fontforge_validation_state.FontForgeValidateStateTest.test_duplicate_unicode_codepoints(): OK
bakery_lint.tests.downstream.test_fontforge_validation_state.FontForgeValidateStateTest.test_flipped_reference_in_glyphs(): OK
bakery_lint.tests.downstream.test_fontforge_validation_state.FontForgeValidateStateTest.test_missing_anchors(): OK
bakery_lint.tests.downstream.test_fontforge_validation_state.FontForgeValidateStateTest.test_missing_extrema_in_glyphs(): FAIL
bakery_lint.tests.downstream.test_fontforge_validation_state.FontForgeValidateStateTest.test_overlapped_hints(): OK
bakery_lint.tests.downstream.test_fontforge_validation_state.FontForgeValidateStateTest.test_points_are_integer_aligned(): OK
bakery_lint.tests.downstream.test_fontforge_validation_state.FontForgeValidateStateTest.test_points_are_not_too_far_apart(): OK
bakery_lint.tests.downstream.test_fontforge_validation_state.FontForgeValidateStateTest.test_postscript_hasnt_limit_hints_in_glyphs(): OK
bakery_lint.tests.downstream.test_fontforge_validation_state.FontForgeValidateStateTest.test_postscript_hasnt_limit_points_in_glyphs(): OK
bakery_lint.tests.downstream.test_fontforge_validation_state.FontForgeValidateStateTest.test_referenced_glyphs_are_present(): OK
bakery_lint.tests.downstream.test_fontforge_validation_state.FontForgeValidateStateTest.test_valid_glyph_names(): OK
bakery_lint.tests.downstream.test_fontforge_validation_state.FontForgeValidateStateTest.test_valid_length_instructions(): OK
bakery_lint.tests.downstream.test_fontforge_validation_state.FontForgeValidateStateTest.test_validation_glyph_intersect(): OK
bakery_lint.tests.downstream.test_fontforge_validation_state.FontForgeValidateStateTest.test_validation_open_contours(): OK
bakery_lint.tests.downstream.test_fontforge_validation_state.FontForgeValidateStateTest.test_wrong_direction_in_glyphs(): OK
bakery_lint.tests.downstream.test_check_vertical_metrics.CheckVerticalLinegapMetrics.test_metrics_linegaps_are_zero(): OK
bakery_lint.tests.downstream.test_check_vertical_metrics.CheckVerticalAscentMetrics.test_metrics_ascents_equal_bbox(): OK
bakery_lint.tests.downstream.test_check_vertical_metrics.CheckVerticalDescentMetrics.test_metrics_descents_equal_bbox(): OK
bakery_lint.tests.downstream.test_check_full_font_name_begins_with_family_name.CheckFullFontNameBeginsWithFamilyName.test_check_full_font_name_begins_with_family_name(): FAIL
bakery_lint.tests.downstream.test_check_font_agreements.CheckFsTypeIsNotSet.test_is_fstype_not_set(): OK
$ fontbakery-fix-fstype.py --autofix /home/travis/build/fontdirectory/lifesavers/builds/build/LifeSavers-Bold.ttf
$ mv /home/travis/build/fontdirectory/lifesavers/builds/build/LifeSavers-Bold.ttf.fix /home/travis/build/fontdirectory/lifesavers/builds/build/LifeSavers-Bold.ttf
bakery_lint.tests.downstream.test_check_font_agreements.CheckFontAgreements.test_em_is_1000(): OK
bakery_lint.tests.downstream.test_check_font_agreements.CheckFontAgreements.test_font_is_font(): OK
bakery_lint.tests.downstream.test_check_font_agreements.CheckFontAgreements.test_latin_file_exists(): FAIL
bakery_lint.tests.downstream.test_check_font_agreements.CheckFontAgreements.test_menu_file_exists(): FAIL
bakery_lint.tests.downstream.test_check_fontname_matches_macstyle.CheckFontNameEqualToMacStyleFlags.test_fontname_is_equal_to_macstyle(): OK
bakery_lint.tests.downstream.test_check_no_problematic_formats.CheckNoProblematicFormats.test_check_no_problematic_formats(): OK
bakery_lint.tests.downstream.test_gpos_table_has_kerning_info.CheckGposTableHasKerningInfo.test_gpos_table_has_kerning_info(): OK
bakery_lint.tests.downstream.test_check_os2_width_class.CheckOS2WidthClass.test_check_os2_width_class(): OK
bakery_lint.tests.downstream.test_check_italic_angle_agreement.CheckItalicAngleAgreement.test_check_italic_angle_agreement(): OK
bakery_lint.tests.downstream.test_check_names_same_across_platforms.CheckNamesSameAcrossPlatforms.test_check_names_same_across_platforms(): OK
bakery_lint.tests.downstream.test_check_upm_heights_less_120.TestCheckUPMHeightsLess120.test_check_upm_heigths_less_120(): FAIL
### Optimize TTF LifeSavers-Bold.ttf
$ ls -l 'LifeSavers-Bold.ttf'* # look at the size savings of that subset process
LifeSavers-Bold.ttf.opt: 95508 bytes
LifeSavers-Bold.ttf: 100424 bytes
$ mv /home/travis/build/fontdirectory/lifesavers/builds/build/LifeSavers-Bold.ttf.opt /home/travis/build/fontdirectory/lifesavers/builds/build/LifeSavers-Bold.ttf
### Autohint TTFs (ttfautohint) LifeSavers-Bold.ttf
$ ttfautohint -l 7 -r 28 -G 50 -x 13 -w "G" /home/travis/build/fontdirectory/lifesavers/builds/build/LifeSavers-Bold.ttf '/home/travis/build/fontdirectory/lifesavers/builds/build/LifeSavers-Bold.autohint.ttf'

$ ls -l /home/travis/build/fontdirectory/lifesavers/builds/build/LifeSavers-Bold.*ttf # look at the size savings of that subset process
/home/travis/build/fontdirectory/lifesavers/builds/build/LifeSavers-Bold.ttf: 95508 bytes
/home/travis/build/fontdirectory/lifesavers/builds/build/LifeSavers-Bold.autohint.ttf: 153244 bytes
$ mv /home/travis/build/fontdirectory/lifesavers/builds/build/LifeSavers-Bold.autohint.ttf /home/travis/build/fontdirectory/lifesavers/builds/build/LifeSavers-Bold.ttf
### Subset TTFs (pyftsubset) LifeSavers-Bold.ttf
$ pyftsubset LifeSavers-Bold.latin
$ pyftsubset LifeSavers-Bold.menu
strippedname:/home/travis/build/fontdirectory/lifesavers/builds/build/LifeSavers-Bold.ttf
### Test LifeSavers-Regular.ttf
$ fontbakery-check.py result LifeSavers-Regular.ttf
bakery_lint.tests.downstream.test_check_unencoded_glyph.TestFontUnencodedGlyph.test_font_unencoded_glyphs(): FAIL
$ fontbakery-fix-glyph-private-encoding.py --autofix /home/travis/build/fontdirectory/lifesavers/builds/build/LifeSavers-Regular.ttf
$ mv /home/travis/build/fontdirectory/lifesavers/builds/build/LifeSavers-Regular.ttf.fix /home/travis/build/fontdirectory/lifesavers/builds/build/LifeSavers-Regular.ttf
bakery_lint.tests.downstream.test_check_unencoded_glyph.TestFontUnencodedGlyph.test_font_unencoded_glyphs(): FAIL
bakery_lint.tests.downstream.test_check_font_tables.CheckFontHasDsigTable.test_check_font_has_dsig_table(): FAIL
$ fontbakery-fix-dsig.py /home/travis/build/fontdirectory/lifesavers/builds/build/LifeSavers-Regular.ttf
$ mv /home/travis/build/fontdirectory/lifesavers/builds/build/LifeSavers-Regular.ttf.fix /home/travis/build/fontdirectory/lifesavers/builds/build/LifeSavers-Regular.ttf
bakery_lint.tests.downstream.test_check_font_tables.CheckFontHasDsigTable.test_check_font_has_dsig_table(): OK
bakery_lint.tests.downstream.test_check_font_tables.CheckFontHasNotKernTable.test_no_kern_table_exists(): OK
bakery_lint.tests.downstream.test_check_unused_glyph_data.CheckUnusedGlyphData.test_check_unused_glyph_data(): ERROR
bakery_lint.tests.downstream.test_check_glyf_table_length.CheckGlyfTableLength.test_check_glyf_table_length(): FAIL
bakery_lint.tests.downstream.test_check_hmtx_hhea_max_advance_width_agreement.CheckHmtxHheaMaxAdvanceWidthAgreement.test_check_hmtx_hhea_max_advance_width_agreement(): OK
bakery_lint.tests.downstream.test_check_license_included.CheckLicenseIncluded.test_license_included_in_font_names(): OK
bakery_lint.tests.downstream.test_names_are_ascii_only.CheckNamesAreASCIIOnly.test_check_names_are_ascii_only(): OK
bakery_lint.tests.downstream.test_check_name_table_recommendation.CheckStyleNameRecommendation.test_check_stylename_is_under_recommendations(): OK
bakery_lint.tests.downstream.test_check_name_table_recommendation.CheckOTFamilyNameRecommendation.test_check_opentype_familyname(): FAIL
$ fontbakery-fix-opentype-names.py /home/travis/build/fontdirectory/lifesavers/builds/build/LifeSavers-Regular.ttf
$ mv /home/travis/build/fontdirectory/lifesavers/builds/build/LifeSavers-Regular.ttf.fix /home/travis/build/fontdirectory/lifesavers/builds/build/LifeSavers-Regular.ttf
bakery_lint.tests.downstream.test_check_name_table_recommendation.CheckOTFamilyNameRecommendation.test_check_opentype_familyname(): OK
bakery_lint.tests.downstream.test_check_name_table_recommendation.CheckOTStyleNameRecommendation.test_check_opentype_stylename(): OK
bakery_lint.tests.downstream.test_check_name_table_recommendation.CheckOTFullNameRecommendation.test_check_opentype_fullname(): OK
bakery_lint.tests.downstream.test_gasp_table_value.CheckGaspTableType.test_check_gasp_table_type(): OK
$ fontbakery-fix-gasp.py --set=15 /home/travis/build/fontdirectory/lifesavers/builds/build/LifeSavers-Regular.ttf
$ mv /home/travis/build/fontdirectory/lifesavers/builds/build/LifeSavers-Regular.ttf.fix /home/travis/build/fontdirectory/lifesavers/builds/build/LifeSavers-Regular.ttf
bakery_lint.tests.downstream.test_check_panose_identification.CheckPanoseIdentification.test_check_panose_identification(): OK
bakery_lint.tests.downstream.test_check_magic_prep_code.CheckMagicPREPByteCode.test_prep_magic_code(): FAIL
bakery_lint.tests.downstream.test_check_glyph_existence.CheckGlyphExistence.test_euro(): OK
bakery_lint.tests.downstream.test_check_glyph_existence.CheckGlyphExistence.test_nbsp(): OK
bakery_lint.tests.downstream.test_check_glyph_existence.CheckGlyphExistence.test_space(): OK
bakery_lint.tests.downstream.test_check_nbsp_width_matches_sp_width.CheckNbspWidthMatchesSpWidth.test_check_nbsp_width_matches_sp_width(): OK
The following table(s) in the font have been ignored by FontForge
  Ignoring 'DSIG' digital signature table
bakery_lint.tests.downstream.test_fontforge_validation_state.FontForgeValidateStateTest.test_allowed_numbers_paths_in_composite_glyphs(): OK
bakery_lint.tests.downstream.test_fontforge_validation_state.FontForgeValidateStateTest.test_allowed_numbers_paths_in_glyphs(): OK
bakery_lint.tests.downstream.test_fontforge_validation_state.FontForgeValidateStateTest.test_allowed_numbers_points_in_composite_glyphs(): OK
bakery_lint.tests.downstream.test_fontforge_validation_state.FontForgeValidateStateTest.test_allowed_numbers_points_in_glyphs(): OK
bakery_lint.tests.downstream.test_fontforge_validation_state.FontForgeValidateStateTest.test_duplicate_glyphs(): OK
bakery_lint.tests.downstream.test_fontforge_validation_state.FontForgeValidateStateTest.test_duplicate_unicode_codepoints(): OK
bakery_lint.tests.downstream.test_fontforge_validation_state.FontForgeValidateStateTest.test_flipped_reference_in_glyphs(): FAIL
bakery_lint.tests.downstream.test_fontforge_validation_state.FontForgeValidateStateTest.test_missing_anchors(): OK
bakery_lint.tests.downstream.test_fontforge_validation_state.FontForgeValidateStateTest.test_missing_extrema_in_glyphs(): OK
bakery_lint.tests.downstream.test_fontforge_validation_state.FontForgeValidateStateTest.test_overlapped_hints(): OK
bakery_lint.tests.downstream.test_fontforge_validation_state.FontForgeValidateStateTest.test_points_are_integer_aligned(): OK
bakery_lint.tests.downstream.test_fontforge_validation_state.FontForgeValidateStateTest.test_points_are_not_too_far_apart(): OK
bakery_lint.tests.downstream.test_fontforge_validation_state.FontForgeValidateStateTest.test_postscript_hasnt_limit_hints_in_glyphs(): OK
bakery_lint.tests.downstream.test_fontforge_validation_state.FontForgeValidateStateTest.test_postscript_hasnt_limit_points_in_glyphs(): OK
bakery_lint.tests.downstream.test_fontforge_validation_state.FontForgeValidateStateTest.test_referenced_glyphs_are_present(): OK
bakery_lint.tests.downstream.test_fontforge_validation_state.FontForgeValidateStateTest.test_valid_glyph_names(): OK
bakery_lint.tests.downstream.test_fontforge_validation_state.FontForgeValidateStateTest.test_valid_length_instructions(): OK
bakery_lint.tests.downstream.test_fontforge_validation_state.FontForgeValidateStateTest.test_validation_glyph_intersect(): FAIL
bakery_lint.tests.downstream.test_fontforge_validation_state.FontForgeValidateStateTest.test_validation_open_contours(): OK
bakery_lint.tests.downstream.test_fontforge_validation_state.FontForgeValidateStateTest.test_wrong_direction_in_glyphs(): FAIL
bakery_lint.tests.downstream.test_check_vertical_metrics.CheckVerticalLinegapMetrics.test_metrics_linegaps_are_zero(): OK
bakery_lint.tests.downstream.test_check_vertical_metrics.CheckVerticalAscentMetrics.test_metrics_ascents_equal_bbox(): OK
bakery_lint.tests.downstream.test_check_vertical_metrics.CheckVerticalDescentMetrics.test_metrics_descents_equal_bbox(): OK
bakery_lint.tests.downstream.test_check_full_font_name_begins_with_family_name.CheckFullFontNameBeginsWithFamilyName.test_check_full_font_name_begins_with_family_name(): OK
bakery_lint.tests.downstream.test_check_font_agreements.CheckFsTypeIsNotSet.test_is_fstype_not_set(): OK
$ fontbakery-fix-fstype.py --autofix /home/travis/build/fontdirectory/lifesavers/builds/build/LifeSavers-Regular.ttf
$ mv /home/travis/build/fontdirectory/lifesavers/builds/build/LifeSavers-Regular.ttf.fix /home/travis/build/fontdirectory/lifesavers/builds/build/LifeSavers-Regular.ttf
bakery_lint.tests.downstream.test_check_font_agreements.CheckFontAgreements.test_em_is_1000(): OK
bakery_lint.tests.downstream.test_check_font_agreements.CheckFontAgreements.test_font_is_font(): OK
bakery_lint.tests.downstream.test_check_font_agreements.CheckFontAgreements.test_latin_file_exists(): FAIL
bakery_lint.tests.downstream.test_check_font_agreements.CheckFontAgreements.test_menu_file_exists(): FAIL
bakery_lint.tests.downstream.test_check_fontname_matches_macstyle.CheckFontNameEqualToMacStyleFlags.test_fontname_is_equal_to_macstyle(): FAIL
bakery_lint.tests.downstream.test_check_no_problematic_formats.CheckNoProblematicFormats.test_check_no_problematic_formats(): OK
bakery_lint.tests.downstream.test_gpos_table_has_kerning_info.CheckGposTableHasKerningInfo.test_gpos_table_has_kerning_info(): OK
bakery_lint.tests.downstream.test_check_os2_width_class.CheckOS2WidthClass.test_check_os2_width_class(): OK
bakery_lint.tests.downstream.test_check_italic_angle_agreement.CheckItalicAngleAgreement.test_check_italic_angle_agreement(): OK
bakery_lint.tests.downstream.test_check_names_same_across_platforms.CheckNamesSameAcrossPlatforms.test_check_names_same_across_platforms(): OK
bakery_lint.tests.downstream.test_check_upm_heights_less_120.TestCheckUPMHeightsLess120.test_check_upm_heigths_less_120(): FAIL
### Optimize TTF LifeSavers-Regular.ttf
$ ls -l 'LifeSavers-Regular.ttf'* # look at the size savings of that subset process
LifeSavers-Regular.ttf.opt: 196024 bytes
LifeSavers-Regular.ttf: 200572 bytes
$ mv /home/travis/build/fontdirectory/lifesavers/builds/build/LifeSavers-Regular.ttf.opt /home/travis/build/fontdirectory/lifesavers/builds/build/LifeSavers-Regular.ttf
### Autohint TTFs (ttfautohint) LifeSavers-Regular.ttf
$ ttfautohint -l 7 -r 28 -G 50 -x 13 -w "G" /home/travis/build/fontdirectory/lifesavers/builds/build/LifeSavers-Regular.ttf '/home/travis/build/fontdirectory/lifesavers/builds/build/LifeSavers-Regular.autohint.ttf'

$ ls -l /home/travis/build/fontdirectory/lifesavers/builds/build/LifeSavers-Regular.*ttf # look at the size savings of that subset process
/home/travis/build/fontdirectory/lifesavers/builds/build/LifeSavers-Regular.ttf: 196024 bytes
/home/travis/build/fontdirectory/lifesavers/builds/build/LifeSavers-Regular.autohint.ttf: 185264 bytes
$ mv /home/travis/build/fontdirectory/lifesavers/builds/build/LifeSavers-Regular.autohint.ttf /home/travis/build/fontdirectory/lifesavers/builds/build/LifeSavers-Regular.ttf
### Subset TTFs (pyftsubset) LifeSavers-Regular.ttf
$ pyftsubset LifeSavers-Regular.latin
$ pyftsubset LifeSavers-Regular.menu
strippedname:/home/travis/build/fontdirectory/lifesavers/builds/build/LifeSavers-Regular.ttf
### Test LifeSavers-ExtraBold.ttf
$ fontbakery-check.py result LifeSavers-ExtraBold.ttf
bakery_lint.tests.downstream.test_check_unencoded_glyph.TestFontUnencodedGlyph.test_font_unencoded_glyphs(): FAIL
$ fontbakery-fix-glyph-private-encoding.py --autofix /home/travis/build/fontdirectory/lifesavers/builds/build/LifeSavers-ExtraBold.ttf
$ mv /home/travis/build/fontdirectory/lifesavers/builds/build/LifeSavers-ExtraBold.ttf.fix /home/travis/build/fontdirectory/lifesavers/builds/build/LifeSavers-ExtraBold.ttf
bakery_lint.tests.downstream.test_check_unencoded_glyph.TestFontUnencodedGlyph.test_font_unencoded_glyphs(): FAIL
bakery_lint.tests.downstream.test_check_font_tables.CheckFontHasDsigTable.test_check_font_has_dsig_table(): FAIL
$ fontbakery-fix-dsig.py /home/travis/build/fontdirectory/lifesavers/builds/build/LifeSavers-ExtraBold.ttf
$ mv /home/travis/build/fontdirectory/lifesavers/builds/build/LifeSavers-ExtraBold.ttf.fix /home/travis/build/fontdirectory/lifesavers/builds/build/LifeSavers-ExtraBold.ttf
bakery_lint.tests.downstream.test_check_font_tables.CheckFontHasDsigTable.test_check_font_has_dsig_table(): OK
bakery_lint.tests.downstream.test_check_font_tables.CheckFontHasNotKernTable.test_no_kern_table_exists(): OK
bakery_lint.tests.downstream.test_check_unused_glyph_data.CheckUnusedGlyphData.test_check_unused_glyph_data(): ERROR
bakery_lint.tests.downstream.test_check_glyf_table_length.CheckGlyfTableLength.test_check_glyf_table_length(): FAIL
bakery_lint.tests.downstream.test_check_hmtx_hhea_max_advance_width_agreement.CheckHmtxHheaMaxAdvanceWidthAgreement.test_check_hmtx_hhea_max_advance_width_agreement(): OK
bakery_lint.tests.downstream.test_check_license_included.CheckLicenseIncluded.test_license_included_in_font_names(): OK
bakery_lint.tests.downstream.test_names_are_ascii_only.CheckNamesAreASCIIOnly.test_check_names_are_ascii_only(): OK
bakery_lint.tests.downstream.test_check_name_table_recommendation.CheckStyleNameRecommendation.test_check_stylename_is_under_recommendations(): FAIL
$ fontbakery-fix-opentype-names.py /home/travis/build/fontdirectory/lifesavers/builds/build/LifeSavers-ExtraBold.ttf
$ mv /home/travis/build/fontdirectory/lifesavers/builds/build/LifeSavers-ExtraBold.ttf.fix /home/travis/build/fontdirectory/lifesavers/builds/build/LifeSavers-ExtraBold.ttf
bakery_lint.tests.downstream.test_check_name_table_recommendation.CheckStyleNameRecommendation.test_check_stylename_is_under_recommendations(): FAIL
bakery_lint.tests.downstream.test_check_name_table_recommendation.CheckOTFamilyNameRecommendation.test_check_opentype_familyname(): OK
bakery_lint.tests.downstream.test_check_name_table_recommendation.CheckOTStyleNameRecommendation.test_check_opentype_stylename(): FAIL
$ fontbakery-fix-opentype-names.py /home/travis/build/fontdirectory/lifesavers/builds/build/LifeSavers-ExtraBold.ttf
$ mv /home/travis/build/fontdirectory/lifesavers/builds/build/LifeSavers-ExtraBold.ttf.fix /home/travis/build/fontdirectory/lifesavers/builds/build/LifeSavers-ExtraBold.ttf
bakery_lint.tests.downstream.test_check_name_table_recommendation.CheckOTStyleNameRecommendation.test_check_opentype_stylename(): FAIL
bakery_lint.tests.downstream.test_check_name_table_recommendation.CheckOTFullNameRecommendation.test_check_opentype_fullname(): OK
bakery_lint.tests.downstream.test_gasp_table_value.CheckGaspTableType.test_check_gasp_table_type(): OK
$ fontbakery-fix-gasp.py --set=15 /home/travis/build/fontdirectory/lifesavers/builds/build/LifeSavers-ExtraBold.ttf
$ mv /home/travis/build/fontdirectory/lifesavers/builds/build/LifeSavers-ExtraBold.ttf.fix /home/travis/build/fontdirectory/lifesavers/builds/build/LifeSavers-ExtraBold.ttf
bakery_lint.tests.downstream.test_check_panose_identification.CheckPanoseIdentification.test_check_panose_identification(): OK
bakery_lint.tests.downstream.test_check_magic_prep_code.CheckMagicPREPByteCode.test_prep_magic_code(): FAIL
bakery_lint.tests.downstream.test_check_glyph_existence.CheckGlyphExistence.test_euro(): OK
bakery_lint.tests.downstream.test_check_glyph_existence.CheckGlyphExistence.test_nbsp(): OK
bakery_lint.tests.downstream.test_check_glyph_existence.CheckGlyphExistence.test_space(): OK
bakery_lint.tests.downstream.test_check_nbsp_width_matches_sp_width.CheckNbspWidthMatchesSpWidth.test_check_nbsp_width_matches_sp_width(): OK
The following table(s) in the font have been ignored by FontForge
  Ignoring 'DSIG' digital signature table
bakery_lint.tests.downstream.test_fontforge_validation_state.FontForgeValidateStateTest.test_allowed_numbers_paths_in_composite_glyphs(): OK
bakery_lint.tests.downstream.test_fontforge_validation_state.FontForgeValidateStateTest.test_allowed_numbers_paths_in_glyphs(): OK
bakery_lint.tests.downstream.test_fontforge_validation_state.FontForgeValidateStateTest.test_allowed_numbers_points_in_composite_glyphs(): OK
bakery_lint.tests.downstream.test_fontforge_validation_state.FontForgeValidateStateTest.test_allowed_numbers_points_in_glyphs(): OK
bakery_lint.tests.downstream.test_fontforge_validation_state.FontForgeValidateStateTest.test_duplicate_glyphs(): OK
bakery_lint.tests.downstream.test_fontforge_validation_state.FontForgeValidateStateTest.test_duplicate_unicode_codepoints(): OK
bakery_lint.tests.downstream.test_fontforge_validation_state.FontForgeValidateStateTest.test_flipped_reference_in_glyphs(): OK
bakery_lint.tests.downstream.test_fontforge_validation_state.FontForgeValidateStateTest.test_missing_anchors(): OK
bakery_lint.tests.downstream.test_fontforge_validation_state.FontForgeValidateStateTest.test_missing_extrema_in_glyphs(): OK
bakery_lint.tests.downstream.test_fontforge_validation_state.FontForgeValidateStateTest.test_overlapped_hints(): OK
bakery_lint.tests.downstream.test_fontforge_validation_state.FontForgeValidateStateTest.test_points_are_integer_aligned(): OK
bakery_lint.tests.downstream.test_fontforge_validation_state.FontForgeValidateStateTest.test_points_are_not_too_far_apart(): OK
bakery_lint.tests.downstream.test_fontforge_validation_state.FontForgeValidateStateTest.test_postscript_hasnt_limit_hints_in_glyphs(): OK
bakery_lint.tests.downstream.test_fontforge_validation_state.FontForgeValidateStateTest.test_postscript_hasnt_limit_points_in_glyphs(): OK
bakery_lint.tests.downstream.test_fontforge_validation_state.FontForgeValidateStateTest.test_referenced_glyphs_are_present(): OK
bakery_lint.tests.downstream.test_fontforge_validation_state.FontForgeValidateStateTest.test_valid_glyph_names(): OK
bakery_lint.tests.downstream.test_fontforge_validation_state.FontForgeValidateStateTest.test_valid_length_instructions(): OK
bakery_lint.tests.downstream.test_fontforge_validation_state.FontForgeValidateStateTest.test_validation_glyph_intersect(): FAIL
bakery_lint.tests.downstream.test_fontforge_validation_state.FontForgeValidateStateTest.test_validation_open_contours(): OK
bakery_lint.tests.downstream.test_fontforge_validation_state.FontForgeValidateStateTest.test_wrong_direction_in_glyphs(): OK
bakery_lint.tests.downstream.test_check_vertical_metrics.CheckVerticalLinegapMetrics.test_metrics_linegaps_are_zero(): OK
bakery_lint.tests.downstream.test_check_vertical_metrics.CheckVerticalAscentMetrics.test_metrics_ascents_equal_bbox(): OK
bakery_lint.tests.downstream.test_check_vertical_metrics.CheckVerticalDescentMetrics.test_metrics_descents_equal_bbox(): OK
bakery_lint.tests.downstream.test_check_full_font_name_begins_with_family_name.CheckFullFontNameBeginsWithFamilyName.test_check_full_font_name_begins_with_family_name(): OK
bakery_lint.tests.downstream.test_check_font_agreements.CheckFsTypeIsNotSet.test_is_fstype_not_set(): OK
$ fontbakery-fix-fstype.py --autofix /home/travis/build/fontdirectory/lifesavers/builds/build/LifeSavers-ExtraBold.ttf
$ mv /home/travis/build/fontdirectory/lifesavers/builds/build/LifeSavers-ExtraBold.ttf.fix /home/travis/build/fontdirectory/lifesavers/builds/build/LifeSavers-ExtraBold.ttf
bakery_lint.tests.downstream.test_check_font_agreements.CheckFontAgreements.test_em_is_1000(): OK
bakery_lint.tests.downstream.test_check_font_agreements.CheckFontAgreements.test_font_is_font(): OK
bakery_lint.tests.downstream.test_check_font_agreements.CheckFontAgreements.test_latin_file_exists(): FAIL
bakery_lint.tests.downstream.test_check_font_agreements.CheckFontAgreements.test_menu_file_exists(): FAIL
bakery_lint.tests.downstream.test_check_fontname_matches_macstyle.CheckFontNameEqualToMacStyleFlags.test_fontname_is_equal_to_macstyle(): FAIL
bakery_lint.tests.downstream.test_check_no_problematic_formats.CheckNoProblematicFormats.test_check_no_problematic_formats(): OK
bakery_lint.tests.downstream.test_gpos_table_has_kerning_info.CheckGposTableHasKerningInfo.test_gpos_table_has_kerning_info(): OK
bakery_lint.tests.downstream.test_check_os2_width_class.CheckOS2WidthClass.test_check_os2_width_class(): OK
bakery_lint.tests.downstream.test_check_italic_angle_agreement.CheckItalicAngleAgreement.test_check_italic_angle_agreement(): OK
bakery_lint.tests.downstream.test_check_names_same_across_platforms.CheckNamesSameAcrossPlatforms.test_check_names_same_across_platforms(): OK
bakery_lint.tests.downstream.test_check_upm_heights_less_120.TestCheckUPMHeightsLess120.test_check_upm_heigths_less_120(): FAIL
### Optimize TTF LifeSavers-ExtraBold.ttf
$ ls -l 'LifeSavers-ExtraBold.ttf'* # look at the size savings of that subset process
LifeSavers-ExtraBold.ttf.opt: 210204 bytes
LifeSavers-ExtraBold.ttf: 214780 bytes
$ mv /home/travis/build/fontdirectory/lifesavers/builds/build/LifeSavers-ExtraBold.ttf.opt /home/travis/build/fontdirectory/lifesavers/builds/build/LifeSavers-ExtraBold.ttf
### Autohint TTFs (ttfautohint) LifeSavers-ExtraBold.ttf
$ ttfautohint -l 7 -r 28 -G 50 -x 13 -w "G" /home/travis/build/fontdirectory/lifesavers/builds/build/LifeSavers-ExtraBold.ttf '/home/travis/build/fontdirectory/lifesavers/builds/build/LifeSavers-ExtraBold.autohint.ttf'

$ ls -l /home/travis/build/fontdirectory/lifesavers/builds/build/LifeSavers-ExtraBold.*ttf # look at the size savings of that subset process
/home/travis/build/fontdirectory/lifesavers/builds/build/LifeSavers-ExtraBold.ttf: 210204 bytes
/home/travis/build/fontdirectory/lifesavers/builds/build/LifeSavers-ExtraBold.autohint.ttf: 198504 bytes
$ mv /home/travis/build/fontdirectory/lifesavers/builds/build/LifeSavers-ExtraBold.autohint.ttf /home/travis/build/fontdirectory/lifesavers/builds/build/LifeSavers-ExtraBold.ttf
### Subset TTFs (pyftsubset) LifeSavers-ExtraBold.ttf
$ pyftsubset LifeSavers-ExtraBold.latin
$ pyftsubset LifeSavers-ExtraBold.menu
strippedname:/home/travis/build/fontdirectory/lifesavers/builds/build/LifeSavers-ExtraBold.ttf
### (5 of 6) Generate METADATA.json (fontbakery-build-metadata.py)
$ fontbakery-build-metadata.py /home/travis/build/fontdirectory/lifesavers/builds/build
{} exists
Designer's name from font is: Pablo Impallari, Rodrigo Fuenzalida, Brenda Gallo
Original size: 185264\nGzip size: 67836
Family Name: Life Savers
PS Name: LifeSavers-Bold
Full Name: LifeSavers-Bold
Style: normal
Weight: 700
Filename: LifeSavers-Bold.ttf
Copyright: Copyright (c) 2012, Pablo Impallari (www.impallari.com|impallari@gmail.com),\rCopyright (c) 2012, Rodrigo Fuenzalida (www.rfuenzalida.com|hello@rfuenzalida.com), \rCopyright (c) 2012, Igino Marini. (www.ikern.com|mail@iginomarini.com),\rwith Reserved Font Name Life Savers.
Family Name: Life Savers
PS Name: LifeSavers-ExtraBold
Full Name: Life Savers ExtraBold
Style: normal
Weight: 800
Filename: LifeSavers-ExtraBold.ttf
Copyright: Copyright (c) 2012, Pablo Impallari (www.impallari.com|impallari@gmail.com),\nCopyright (c) 2012, Rodrigo Fuenzalida (www.rfuenzalida.com|hello@rfuenzalida.com), \nCopyright (c) 2012, Igino Marini. (www.ikern.com|mail@iginomarini.com),\nwith Reserved Font Name Life Savers.
Family Name: Life Savers
PS Name: LifeSavers-Regular
Full Name: Life Savers
Style: normal
Weight: 400
Filename: LifeSavers-Regular.ttf
Copyright: Copyright (c) 2012, Pablo Impallari (www.impallari.com|impallari@gmail.com),\rCopyright (c) 2012, Rodrigo Fuenzalida (www.rfuenzalida.com|hello@rfuenzalida.com), \rCopyright (c) 2012, Igino Marini. (www.ikern.com|mail@iginomarini.com),\rwith Reserved Font Name Life Savers.
### (6 of 6) Run tests for METADATA.json
$ fontbakery-check.py metadata METADATA.json
bakery_lint.tests.metadata_test.MetadataSubsetsListTest.test_charset_latin(): OK
bakery_lint.tests.metadata_test.MetadataSubsetsListTest.test_charset_latin_ext(): FAIL
bakery_lint.tests.metadata_test.MetadataSubsetsListTest.test_charset_menu(): OK
bakery_lint.tests.metadata_test.MetadataTest.test_description_is_more_than_500b(): OK
bakery_lint.tests.metadata_test.MetadataTest.test_description_is_valid_html(): FAIL
bakery_lint.tests.metadata_test.MetadataTest.test_does_not_familyName_exist_in_daltonmaag_catalogue(): FAIL
bakery_lint.tests.metadata_test.MetadataTest.test_does_not_familyName_exist_in_fontbureau_catalogue(): OK
bakery_lint.tests.metadata_test.MetadataTest.test_does_not_familyName_exist_in_fontscom_catalogue(): OK
bakery_lint.tests.metadata_test.MetadataTest.test_does_not_familyName_exist_in_fontshop_catalogue(): FAIL
bakery_lint.tests.metadata_test.MetadataTest.test_does_not_familyName_exist_in_fontsmith_catalogue(): FAIL
bakery_lint.tests.metadata_test.MetadataTest.test_does_not_familyName_exist_in_houseind_catalogue(): OK
bakery_lint.tests.metadata_test.MetadataTest.test_does_not_familyName_exist_in_myfonts_catalogue(): FAIL
bakery_lint.tests.metadata_test.MetadataTest.test_does_not_familyName_exist_in_veer_catalogue(): FAIL
bakery_lint.tests.metadata_test.MetadataTest.test_family_is_listed_in_gwf(): OK
bakery_lint.tests.metadata_test.MetadataTest.test_metadata_atleast_latin_menu_subsets_exist(): OK
/home/travis/virtualenv/python2.7.8/lib/python2.7/site-packages/bakery_lint/tests/metadata_test.py:141: UnicodeWarning: Unicode equal comparison failed to convert both arguments to Unicode - interpreting them as being unequal
  self.assertTrue(designer in designers,
bakery_lint.tests.metadata_test.MetadataTest.test_metadata_designer_exists_in_profiles_csv(): OK
bakery_lint.tests.metadata_test.MetadataTest.test_metadata_fonts_items_dicts(): OK
bakery_lint.tests.metadata_test.MetadataTest.test_metadata_fonts_key_list(): OK
bakery_lint.tests.metadata_test.MetadataTest.test_metadata_fonts_no_dupes(): OK
bakery_lint.tests.metadata_test.MetadataTest.test_metadata_has_unique_style_weight_pairs(): OK
bakery_lint.tests.metadata_test.MetadataTest.test_metadata_keys(): OK
bakery_lint.tests.metadata_test.MetadataTest.test_metadata_license(): OK
bakery_lint.tests.metadata_test.MetadataTest.test_metadata_no_unknown_top_keys(): OK
bakery_lint.tests.metadata_test.MetadataTest.test_metadata_subsets_key_list(): OK
bakery_lint.tests.metadata_test.MetadataTest.test_metadata_top_keys_types(): OK
bakery_lint.tests.downstream.test_metadata_font_copyright.CheckMetadataContainsReservedFontName.test_copyright_contains_correct_rfn(): OK
bakery_lint.tests.downstream.test_metadata_font_copyright.CheckMetadataContainsReservedFontName.test_copyright_is_consistent_across_family(): FAIL
bakery_lint.tests.downstream.test_metadata_font_copyright.CheckMetadataContainsReservedFontName.test_copyright_matches_pattern(): OK
bakery_lint.tests.downstream.test_metadata_font_copyright.CheckMetadataContainsReservedFontName.test_metadata_copyright_size(): OK
bakery_lint.tests.downstream.test_check_monospace_agreements.CheckMonospaceAgreement.test_check_monospace_agreement(): OK
bakery_lint.tests.downstream.test_check_canonical_weights.CheckCanonicalWeights.test_check_canonical_weights(): OK
bakery_lint.tests.downstream.test_check_canonical_weights.CheckPostScriptNameMatchesWeight.test_postscriptname_contains_correct_weight(): OK
bakery_lint.tests.downstream.test_check_canonical_weights.CheckFontWeightSameAsInMetadata.test_font_weight_same_as_in_metadata(): OK
bakery_lint.tests.downstream.test_check_canonical_weights.CheckFullNameEqualCanonicalName.test_metadata_contains_current_font(): OK
bakery_lint.tests.downstream.test_check_metadata_style_matches_names.CheckItalicStyleMatchesMacStyle.test_check_italic_style_matches_names(): OK
bakery_lint.tests.downstream.test_check_metadata_style_matches_names.CheckNormalStyleMatchesMacStyle.test_check_normal_style_matches_names(): OK
bakery_lint.tests.downstream.test_check_canonical_styles.CheckCanonicalStyles.test_check_canonical_styles(): OK
bakery_lint.tests.downstream.test_check_subsets_exists.CheckSubsetsExist.test_check_subsets_exists(): FAIL
bakery_lint.tests.downstream.test_check_glyph_consistency.CheckGlyphConsistencyInFamily.test_the_same_encodings_of_glyphs_across_family(): OK
bakery_lint.tests.downstream.test_check_glyph_consistency.CheckGlyphConsistencyInFamily.test_the_same_names_of_glyphs_across_family(): FAIL
bakery_lint.tests.downstream.test_check_glyph_consistency.CheckGlyphConsistencyInFamily.test_the_same_number_of_glyphs_across_family(): FAIL
bakery_lint.tests.downstream.test_check_font_name_not_in_camelcase.CheckFontNameNotInCamelCase.test_fontname_not_in_camel_case(): OK
bakery_lint.tests.downstream.test_check_canonical_filenames.CheckCanonicalFilenames.test_check_canonical_filenames(): OK
bakery_lint.tests.downstream.test_check_familyname_matches_fontnames.CheckFamilyNameMatchesFontNames.test_check_familyname_matches_fontnames(): OK
bakery_lint.tests.downstream.test_metadata_agreements.TestFontOnDiskFamilyEqualToMetadataJSON.test_font_on_disk_family_equal_in_metadata_json(): OK
bakery_lint.tests.downstream.test_metadata_agreements.TestPostScriptNameInMetadataEqualFontOnDisk.test_postscriptname_in_metadata_equal_to_font_on_disk(): OK
bakery_lint.tests.downstream.test_metadata_agreements.CheckMetadataAgreements.test_font_name_matches_family(): OK
bakery_lint.tests.downstream.test_metadata_agreements.CheckMetadataAgreements.test_metadata_family_values_are_all_the_same(): OK
bakery_lint.tests.downstream.test_metadata_agreements.CheckMetadataAgreements.test_metadata_filename_matches_postscriptname(): OK
bakery_lint.tests.downstream.test_metadata_agreements.CheckMetadataAgreements.test_metadata_font_have_regular(): OK
bakery_lint.tests.downstream.test_metadata_agreements.CheckMetadataAgreements.test_metadata_fonts_fields_have_fontname(): OK
bakery_lint.tests.downstream.test_metadata_agreements.CheckMetadataAgreements.test_metadata_fullname_is_equal_to_internal_font_fullname(): FAIL
bakery_lint.tests.downstream.test_metadata_agreements.CheckMetadataAgreements.test_metadata_fullname_matches_postScriptName(): FAIL
bakery_lint.tests.downstream.test_metadata_agreements.CheckMetadataAgreements.test_metadata_regular_is_400(): OK
bakery_lint.tests.downstream.test_metadata_agreements.CheckMetadataAgreements.test_metadata_regular_is_normal(): FAIL
bakery_lint.tests.downstream.test_check_text_files_exist.CheckTextFilesExist.test_copyrighttxt_exists(): FAIL
bakery_lint.tests.downstream.test_check_text_files_exist.CheckTextFilesExist.test_description_exists(): OK
bakery_lint.tests.downstream.test_check_text_files_exist.CheckTextFilesExist.test_fontlogtxt_exists(): OK
bakery_lint.tests.downstream.test_check_text_files_exist.CheckTextFilesExist.test_licensetxt_exists(): FAIL
bakery_lint.tests.downstream.test_check_metadata_matches_nametable.CheckMetadataMatchesNameTable.test_check_metadata_matches_nametable(): FAIL
bakery_lint.tests.downstream.test_check_files_menu_agreements.CheckFontsMenuAgreements.test_menu_file_agreement(): OK
bakery_lint.tests.downstream.test_check_metadata_fields.CheckMetadataFields.test_check_metadata_fields(): OK
bakery_lint.tests.downstream.test_check_menu_contains_proper_glyphs.CheckMenuSubsetContainsProperGlyphs.test_check_menu_contains_proper_glyphs(): OK
{
  "name": "Life Savers", 
  "designer": "Impallari Type", 
  "license": "OFL", 
  "visibility": "External", 
  "category": "Display", 
  "size": 69595, 
  "fonts": [
    {
      "name": "Life Savers", 
      "postScriptName": "LifeSavers-Bold", 
      "fullName": "LifeSavers-Bold", 
      "style": "normal", 
      "weight": 700, 
      "filename": "LifeSavers-Bold.ttf", 
      "copyright": "Copyright (c) 2012, Pablo Impallari (www.impallari.com|impallari@gmail.com),\rCopyright (c) 2012, Rodrigo Fuenzalida (www.rfuenzalida.com|hello@rfuenzalida.com), \rCopyright (c) 2012, Igino Marini. (www.ikern.com|mail@iginomarini.com),\rwith Reserved Font Name Life Savers."
    }, 
    {
      "name": "Life Savers", 
      "postScriptName": "LifeSavers-ExtraBold", 
      "fullName": "Life Savers ExtraBold", 
      "style": "normal", 
      "weight": 800, 
      "filename": "LifeSavers-ExtraBold.ttf", 
      "copyright": "Copyright (c) 2012, Pablo Impallari (www.impallari.com|impallari@gmail.com),\nCopyright (c) 2012, Rodrigo Fuenzalida (www.rfuenzalida.com|hello@rfuenzalida.com), \nCopyright (c) 2012, Igino Marini. (www.ikern.com|mail@iginomarini.com),\nwith Reserved Font Name Life Savers."
    }, 
    {
      "name": "Life Savers", 
      "postScriptName": "LifeSavers-Regular", 
      "fullName": "Life Savers", 
      "style": "normal", 
      "weight": 400, 
      "filename": "LifeSavers-Regular.ttf", 
      "copyright": "Copyright (c) 2012, Pablo Impallari (www.impallari.com|impallari@gmail.com),\rCopyright (c) 2012, Rodrigo Fuenzalida (www.rfuenzalida.com|hello@rfuenzalida.com), \rCopyright (c) 2012, Igino Marini. (www.ikern.com|mail@iginomarini.com),\rwith Reserved Font Name Life Savers."
    }
  ], 
  "subsets": [
    "latin", 
    "menu"
  ], 
  "dateAdded": "2012-08-13"
}
